package: name='com.katkee.development' versionCode='1' versionName='1.0' platformBuildVersionName='16' platformBuildVersionCode='36' compileSdkVersion='36' compileSdkVersionCodename='16'
sdkVersion:'23'
targetSdkVersion:'36'
uses-permission: name='android.permission.INTERNET'
uses-permission: name='android.permission.CAMERA'
uses-permission: name='android.permission.RECORD_AUDIO'
uses-permission: name='android.permission.ACCESS_COARSE_LOCATION'
uses-permission: name='android.permission.ACCESS_FINE_LOCATION'
uses-permission: name='android.permission.USE_BIOMETRIC'
uses-permission: name='android.permission.USE_FINGERPRINT'
uses-permission: name='android.permission.WRITE_EXTERNAL_STORAGE'
uses-permission: name='android.permission.READ_EXTERNAL_STORAGE'
uses-permission: name='android.permission.SYSTEM_ALERT_WINDOW'
uses-permission: name='android.permission.ACCESS_NETWORK_STATE'
uses-permission: name='com.katkee.development.DYNAMIC_RECEIVER_NOT_EXPORTED_PERMISSION'
application-label:'Katkee'
application-label-af:'Katkee'
application-label-am:'Katkee'
application-label-ar:'Katkee'
application-label-as:'Katkee'
application-label-az:'Katkee'
application-label-be:'Katkee'
application-label-bg:'Katkee'
application-label-bn:'Katkee'
application-label-bs:'Katkee'
application-label-ca:'Katkee'
application-label-cs:'Katkee'
application-label-da:'Katkee'
application-label-de:'Katkee'
application-label-el:'Katkee'
application-label-en-AU:'Katkee'
application-label-en-CA:'Katkee'
application-label-en-GB:'Katkee'
application-label-en-IN:'Katkee'
application-label-en-XC:'Katkee'
application-label-es:'Katkee'
application-label-es-419:'Katkee'
application-label-es-ES:'Katkee'
application-label-es-US:'Katkee'
application-label-et:'Katkee'
application-label-eu:'Katkee'
application-label-fa:'Katkee'
application-label-fi:'Katkee'
application-label-fr:'Katkee'
application-label-fr-CA:'Katkee'
application-label-gl:'Katkee'
application-label-gu:'Katkee'
application-label-hi:'Katkee'
application-label-hr:'Katkee'
application-label-hu:'Katkee'
application-label-hy:'Katkee'
application-label-in:'Katkee'
application-label-is:'Katkee'
application-label-it:'Katkee'
application-label-iw:'Katkee'
application-label-ja:'Katkee'
application-label-ka:'Katkee'
application-label-kk:'Katkee'
application-label-km:'Katkee'
application-label-kn:'Katkee'
application-label-ko:'Katkee'
application-label-ky:'Katkee'
application-label-lo:'Katkee'
application-label-lt:'Katkee'
application-label-lv:'Katkee'
application-label-mk:'Katkee'
application-label-ml:'Katkee'
application-label-mn:'Katkee'
application-label-mr:'Katkee'
application-label-ms:'Katkee'
application-label-my:'Katkee'
application-label-nb:'Katkee'
application-label-ne:'Katkee'
application-label-nl:'Katkee'
application-label-or:'Katkee'
application-label-pa:'Katkee'
application-label-pl:'Katkee'
application-label-pt:'Katkee'
application-label-pt-BR:'Katkee'
application-label-pt-PT:'Katkee'
application-label-ro:'Katkee'
application-label-ru:'Katkee'
application-label-si:'Katkee'
application-label-sk:'Katkee'
application-label-sl:'Katkee'
application-label-sq:'Katkee'
application-label-sr:'Katkee'
application-label-sr-Latn:'Katkee'
application-label-sv:'Katkee'
application-label-sw:'Katkee'
application-label-ta:'Katkee'
application-label-te:'Katkee'
application-label-th:'Katkee'
application-label-tl:'Katkee'
application-label-tr:'Katkee'
application-label-uk:'Katkee'
application-label-ur:'Katkee'
application-label-uz:'Katkee'
application-label-vi:'Katkee'
application-label-zh-CN:'Katkee'
application-label-zh-HK:'Katkee'
application-label-zh-TW:'Katkee'
application-label-zu:'Katkee'
application-icon-120:'res/mipmap-mdpi-v4/ic_launcher.png'
application-icon-160:'res/mipmap-mdpi-v4/ic_launcher.png'
application-icon-240:'res/mipmap-hdpi-v4/ic_launcher.png'
application-icon-320:'res/mipmap-xhdpi-v4/ic_launcher.png'
application-icon-480:'res/mipmap-xxhdpi-v4/ic_launcher.png'
application-icon-640:'res/mipmap-xxxhdpi-v4/ic_launcher.png'
application-icon-65534:'res/mipmap-mdpi-v4/ic_launcher.png'
application: label='Katkee' icon='res/mipmap-mdpi-v4/ic_launcher.png'
application-debuggable
launchable-activity: name='com.katkee.MainActivity'  label='Katkee' icon=''
uses-library-not-required:'androidx.camera.extensions.impl'
feature-group: label=''
  uses-feature-not-required: name='android.hardware.camera'
  uses-feature: name='android.hardware.faketouch'
  uses-implied-feature: name='android.hardware.faketouch' reason='default feature for all apps'
  uses-feature: name='android.hardware.location'
  uses-implied-feature: name='android.hardware.location' reason='requested android.permission.ACCESS_COARSE_LOCATION permission, and requested android.permission.ACCESS_FINE_LOCATION permission'
  uses-feature: name='android.hardware.microphone'
  uses-implied-feature: name='android.hardware.microphone' reason='requested android.permission.RECORD_AUDIO permission'
main
other-activities
other-receivers
other-services
supports-screens: 'small' 'normal' 'large' 'xlarge'
supports-any-density: 'true'
locales: '--_--' 'af' 'am' 'ar' 'as' 'az' 'be' 'bg' 'bn' 'bs' 'ca' 'cs' 'da' 'de' 'el' 'en-AU' 'en-CA' 'en-GB' 'en-IN' 'en-XC' 'es' 'es-419' 'es-ES' 'es-US' 'et' 'eu' 'fa' 'fi' 'fr' 'fr-CA' 'gl' 'gu' 'hi' 'hr' 'hu' 'hy' 'in' 'is' 'it' 'iw' 'ja' 'ka' 'kk' 'km' 'kn' 'ko' 'ky' 'lo' 'lt' 'lv' 'mk' 'ml' 'mn' 'mr' 'ms' 'my' 'nb' 'ne' 'nl' 'or' 'pa' 'pl' 'pt' 'pt-BR' 'pt-PT' 'ro' 'ru' 'si' 'sk' 'sl' 'sq' 'sr' 'sr-Latn' 'sv' 'sw' 'ta' 'te' 'th' 'tl' 'tr' 'uk' 'ur' 'uz' 'vi' 'zh-CN' 'zh-HK' 'zh-TW' 'zu'
densities: '120' '160' '240' '320' '480' '640' '65534'
native-code: 'arm64-v8a' 'armeabi' 'armeabi-v7a' 'x86' 'x86_64'
