Verifies
Verified using v1 scheme (JAR signing): true
Verified using v2 scheme (APK Signature Scheme v2): true
Verified using v3 scheme (APK Signature Scheme v3): false
Verified using v3.1 scheme (APK Signature Scheme v3.1): false
Verified using v4 scheme (APK Signature Scheme v4): false
Verified for SourceStamp: false
Number of signers: 1
WARNING: META-INF/com/android/build/gradle/app-metadata.properties not protected by signature. Unauthorized modifications to this JAR entry will not be detected. Delete or move the entry outside of META-INF/.
WARNING: META-INF/androidx.activity_activity-ktx.version not protected by signature. Unauthorized modifications to this JAR entry will not be detected. Delete or move the entry outside of META-INF/.
WARNING: META-INF/androidx.activity_activity.version not protected by signature. Unauthorized modifications to this JAR entry will not be detected. Delete or move the entry outside of META-INF/.
WARNING: META-INF/androidx.annotation_annotation-experimental.version not protected by signature. Unauthorized modifications to this JAR entry will not be detected. Delete or move the entry outside of META-INF/.
WARNING: META-INF/androidx.appcompat_appcompat-resources.version not protected by signature. Unauthorized modifications to this JAR entry will not be detected. Delete or move the entry outside of META-INF/.
WARNING: META-INF/androidx.appcompat_appcompat.version not protected by signature. Unauthorized modifications to this JAR entry will not be detected. Delete or move the entry outside of META-INF/.
WARNING: META-INF/androidx.arch.core_core-runtime.version not protected by signature. Unauthorized modifications to this JAR entry will not be detected. Delete or move the entry outside of META-INF/.
WARNING: META-INF/androidx.asynclayoutinflater_asynclayoutinflater.version not protected by signature. Unauthorized modifications to this JAR entry will not be detected. Delete or move the entry outside of META-INF/.
WARNING: META-INF/androidx.autofill_autofill.version not protected by signature. Unauthorized modifications to this JAR entry will not be detected. Delete or move the entry outside of META-INF/.
WARNING: META-INF/androidx.biometric_biometric.version not protected by signature. Unauthorized modifications to this JAR entry will not be detected. Delete or move the entry outside of META-INF/.
WARNING: META-INF/androidx.camera_camera-camera2.version not protected by signature. Unauthorized modifications to this JAR entry will not be detected. Delete or move the entry outside of META-INF/.
WARNING: META-INF/androidx.camera_camera-core.version not protected by signature. Unauthorized modifications to this JAR entry will not be detected. Delete or move the entry outside of META-INF/.
WARNING: META-INF/androidx.camera_camera-extensions.version not protected by signature. Unauthorized modifications to this JAR entry will not be detected. Delete or move the entry outside of META-INF/.
WARNING: META-INF/androidx.camera_camera-lifecycle.version not protected by signature. Unauthorized modifications to this JAR entry will not be detected. Delete or move the entry outside of META-INF/.
WARNING: META-INF/androidx.camera_camera-video.version not protected by signature. Unauthorized modifications to this JAR entry will not be detected. Delete or move the entry outside of META-INF/.
WARNING: META-INF/androidx.camera_camera-view.version not protected by signature. Unauthorized modifications to this JAR entry will not be detected. Delete or move the entry outside of META-INF/.
WARNING: META-INF/androidx.cardview_cardview.version not protected by signature. Unauthorized modifications to this JAR entry will not be detected. Delete or move the entry outside of META-INF/.
WARNING: META-INF/androidx.coordinatorlayout_coordinatorlayout.version not protected by signature. Unauthorized modifications to this JAR entry will not be detected. Delete or move the entry outside of META-INF/.
WARNING: META-INF/androidx.core_core-ktx.version not protected by signature. Unauthorized modifications to this JAR entry will not be detected. Delete or move the entry outside of META-INF/.
WARNING: META-INF/androidx.core_core.version not protected by signature. Unauthorized modifications to this JAR entry will not be detected. Delete or move the entry outside of META-INF/.
WARNING: META-INF/androidx.cursoradapter_cursoradapter.version not protected by signature. Unauthorized modifications to this JAR entry will not be detected. Delete or move the entry outside of META-INF/.
WARNING: META-INF/androidx.customview_customview-poolingcontainer.version not protected by signature. Unauthorized modifications to this JAR entry will not be detected. Delete or move the entry outside of META-INF/.
WARNING: META-INF/androidx.customview_customview.version not protected by signature. Unauthorized modifications to this JAR entry will not be detected. Delete or move the entry outside of META-INF/.
WARNING: META-INF/androidx.datastore_datastore-core.version not protected by signature. Unauthorized modifications to this JAR entry will not be detected. Delete or move the entry outside of META-INF/.
WARNING: META-INF/androidx.datastore_datastore-preferences.version not protected by signature. Unauthorized modifications to this JAR entry will not be detected. Delete or move the entry outside of META-INF/.
WARNING: META-INF/androidx.datastore_datastore.version not protected by signature. Unauthorized modifications to this JAR entry will not be detected. Delete or move the entry outside of META-INF/.
WARNING: META-INF/androidx.documentfile_documentfile.version not protected by signature. Unauthorized modifications to this JAR entry will not be detected. Delete or move the entry outside of META-INF/.
WARNING: META-INF/androidx.drawerlayout_drawerlayout.version not protected by signature. Unauthorized modifications to this JAR entry will not be detected. Delete or move the entry outside of META-INF/.
WARNING: META-INF/androidx.dynamicanimation_dynamicanimation.version not protected by signature. Unauthorized modifications to this JAR entry will not be detected. Delete or move the entry outside of META-INF/.
WARNING: META-INF/androidx.emoji2_emoji2-views-helper.version not protected by signature. Unauthorized modifications to this JAR entry will not be detected. Delete or move the entry outside of META-INF/.
WARNING: META-INF/androidx.emoji2_emoji2.version not protected by signature. Unauthorized modifications to this JAR entry will not be detected. Delete or move the entry outside of META-INF/.
WARNING: META-INF/androidx.exifinterface_exifinterface.version not protected by signature. Unauthorized modifications to this JAR entry will not be detected. Delete or move the entry outside of META-INF/.
WARNING: META-INF/androidx.fragment_fragment.version not protected by signature. Unauthorized modifications to this JAR entry will not be detected. Delete or move the entry outside of META-INF/.
WARNING: META-INF/androidx.interpolator_interpolator.version not protected by signature. Unauthorized modifications to this JAR entry will not be detected. Delete or move the entry outside of META-INF/.
WARNING: META-INF/androidx.legacy_legacy-support-core-ui.version not protected by signature. Unauthorized modifications to this JAR entry will not be detected. Delete or move the entry outside of META-INF/.
WARNING: META-INF/androidx.legacy_legacy-support-core-utils.version not protected by signature. Unauthorized modifications to this JAR entry will not be detected. Delete or move the entry outside of META-INF/.
WARNING: META-INF/androidx.legacy_legacy-support-v4.version not protected by signature. Unauthorized modifications to this JAR entry will not be detected. Delete or move the entry outside of META-INF/.
WARNING: META-INF/androidx.lifecycle_lifecycle-livedata-core-ktx.version not protected by signature. Unauthorized modifications to this JAR entry will not be detected. Delete or move the entry outside of META-INF/.
WARNING: META-INF/androidx.lifecycle_lifecycle-livedata-core.version not protected by signature. Unauthorized modifications to this JAR entry will not be detected. Delete or move the entry outside of META-INF/.
WARNING: META-INF/androidx.lifecycle_lifecycle-livedata.version not protected by signature. Unauthorized modifications to this JAR entry will not be detected. Delete or move the entry outside of META-INF/.
WARNING: META-INF/androidx.lifecycle_lifecycle-process.version not protected by signature. Unauthorized modifications to this JAR entry will not be detected. Delete or move the entry outside of META-INF/.
WARNING: META-INF/androidx.lifecycle_lifecycle-runtime-ktx.version not protected by signature. Unauthorized modifications to this JAR entry will not be detected. Delete or move the entry outside of META-INF/.
WARNING: META-INF/androidx.lifecycle_lifecycle-runtime.version not protected by signature. Unauthorized modifications to this JAR entry will not be detected. Delete or move the entry outside of META-INF/.
WARNING: META-INF/androidx.lifecycle_lifecycle-viewmodel-ktx.version not protected by signature. Unauthorized modifications to this JAR entry will not be detected. Delete or move the entry outside of META-INF/.
WARNING: META-INF/androidx.lifecycle_lifecycle-viewmodel-savedstate.version not protected by signature. Unauthorized modifications to this JAR entry will not be detected. Delete or move the entry outside of META-INF/.
WARNING: META-INF/androidx.lifecycle_lifecycle-viewmodel.version not protected by signature. Unauthorized modifications to this JAR entry will not be detected. Delete or move the entry outside of META-INF/.
WARNING: META-INF/androidx.loader_loader.version not protected by signature. Unauthorized modifications to this JAR entry will not be detected. Delete or move the entry outside of META-INF/.
WARNING: META-INF/androidx.localbroadcastmanager_localbroadcastmanager.version not protected by signature. Unauthorized modifications to this JAR entry will not be detected. Delete or move the entry outside of META-INF/.
WARNING: META-INF/androidx.media_media.version not protected by signature. Unauthorized modifications to this JAR entry will not be detected. Delete or move the entry outside of META-INF/.
WARNING: META-INF/androidx.print_print.version not protected by signature. Unauthorized modifications to this JAR entry will not be detected. Delete or move the entry outside of META-INF/.
WARNING: META-INF/androidx.profileinstaller_profileinstaller.version not protected by signature. Unauthorized modifications to this JAR entry will not be detected. Delete or move the entry outside of META-INF/.
WARNING: META-INF/androidx.recyclerview_recyclerview.version not protected by signature. Unauthorized modifications to this JAR entry will not be detected. Delete or move the entry outside of META-INF/.
WARNING: META-INF/androidx.savedstate_savedstate-ktx.version not protected by signature. Unauthorized modifications to this JAR entry will not be detected. Delete or move the entry outside of META-INF/.
WARNING: META-INF/androidx.savedstate_savedstate.version not protected by signature. Unauthorized modifications to this JAR entry will not be detected. Delete or move the entry outside of META-INF/.
WARNING: META-INF/androidx.slidingpanelayout_slidingpanelayout.version not protected by signature. Unauthorized modifications to this JAR entry will not be detected. Delete or move the entry outside of META-INF/.
WARNING: META-INF/androidx.startup_startup-runtime.version not protected by signature. Unauthorized modifications to this JAR entry will not be detected. Delete or move the entry outside of META-INF/.
WARNING: META-INF/androidx.swiperefreshlayout_swiperefreshlayout.version not protected by signature. Unauthorized modifications to this JAR entry will not be detected. Delete or move the entry outside of META-INF/.
WARNING: META-INF/androidx.tracing_tracing-ktx.version not protected by signature. Unauthorized modifications to this JAR entry will not be detected. Delete or move the entry outside of META-INF/.
WARNING: META-INF/androidx.tracing_tracing.version not protected by signature. Unauthorized modifications to this JAR entry will not be detected. Delete or move the entry outside of META-INF/.
WARNING: META-INF/androidx.transition_transition.version not protected by signature. Unauthorized modifications to this JAR entry will not be detected. Delete or move the entry outside of META-INF/.
WARNING: META-INF/androidx.vectordrawable_vectordrawable-animated.version not protected by signature. Unauthorized modifications to this JAR entry will not be detected. Delete or move the entry outside of META-INF/.
WARNING: META-INF/androidx.vectordrawable_vectordrawable.version not protected by signature. Unauthorized modifications to this JAR entry will not be detected. Delete or move the entry outside of META-INF/.
WARNING: META-INF/androidx.versionedparcelable_versionedparcelable.version not protected by signature. Unauthorized modifications to this JAR entry will not be detected. Delete or move the entry outside of META-INF/.
WARNING: META-INF/androidx.viewpager2_viewpager2.version not protected by signature. Unauthorized modifications to this JAR entry will not be detected. Delete or move the entry outside of META-INF/.
WARNING: META-INF/androidx.viewpager_viewpager.version not protected by signature. Unauthorized modifications to this JAR entry will not be detected. Delete or move the entry outside of META-INF/.
WARNING: META-INF/com.google.android.material_material.version not protected by signature. Unauthorized modifications to this JAR entry will not be detected. Delete or move the entry outside of META-INF/.
WARNING: META-INF/kotlinx_coroutines_android.version not protected by signature. Unauthorized modifications to this JAR entry will not be detected. Delete or move the entry outside of META-INF/.
WARNING: META-INF/kotlinx_coroutines_core.version not protected by signature. Unauthorized modifications to this JAR entry will not be detected. Delete or move the entry outside of META-INF/.
WARNING: META-INF/services/kotlinx.coroutines.CoroutineExceptionHandler not protected by signature. Unauthorized modifications to this JAR entry will not be detected. Delete or move the entry outside of META-INF/.
WARNING: META-INF/services/kotlinx.coroutines.internal.MainDispatcherFactory not protected by signature. Unauthorized modifications to this JAR entry will not be detected. Delete or move the entry outside of META-INF/.
